// Vitest Snapshot v1, https://vitest.dev/guide/snapshot.html

exports[`ReportFormPage > dovrebbe corrispondere allo snapshot nello stato iniziale 1`] = `
<div>
  <div
    class="MuiBox-root css-1ag000n"
  >
    <div
      class="MuiPaper-root MuiPaper-elevation MuiPaper-rounded MuiPaper-elevation3 css-srvwji-MuiPaper-root"
      style="--Paper-shadow: 0px 3px 3px -2px rgba(0,0,0,0.2),0px 3px 4px 0px rgba(0,0,0,0.14),0px 1px 8px 0px rgba(0,0,0,0.12);"
    >
      <div
        class="MuiBox-root css-bxmrrz"
      >
        <h1
          class="MuiTypography-root MuiTypography-h4 css-1h0dqxm-MuiTypography-root"
        >
          Tecnologie Industriali Navali
        </h1>
        <h2
          class="MuiTypography-root MuiTypography-h6 css-1miy0lu-MuiTypography-root"
        >
          Report Intervento
        </h2>
      </div>
      <div
        class="MuiPaper-root MuiPaper-outlined MuiPaper-rounded css-1d461dr-MuiPaper-root"
      >
        <div
          class="MuiTypography-root MuiTypography-h6 MuiTypography-gutterBottom css-1uchf3r-MuiTypography-root"
        >
          Dati Principali
        </div>
        <div
          spacing="3"
        >
          <div
            size="12"
          >
            <label
              class="MuiFormControlLabel-root MuiFormControlLabel-labelPlacementEnd css-19opgx6-MuiFormControlLabel-root"
            >
              <span
                class="MuiSwitch-root MuiSwitch-sizeMedium css-rehya9-MuiSwitch-root"
              >
                <span
                  class="MuiButtonBase-root MuiSwitch-switchBase MuiSwitch-colorPrimary PrivateSwitchBase-root MuiSwitch-switchBase MuiSwitch-colorPrimary css-aqlqb4-MuiButtonBase-root-MuiSwitchBase-root-MuiSwitch-switchBase"
                >
                  <input
                    class="PrivateSwitchBase-input MuiSwitch-input css-12xagqm-MuiSwitchBase-root"
                    role="switch"
                    type="checkbox"
                  />
                  <span
                    class="MuiSwitch-thumb css-1mw77bv-MuiSwitch-thumb"
                  />
                </span>
                <span
                  class="MuiSwitch-track css-1kf3qur-MuiSwitch-track"
                />
              </span>
              <span
                class="MuiTypography-root MuiTypography-body1 MuiFormControlLabel-label css-rizt0-MuiTypography-root"
              >
                Crea per più giorni (solo Ferie/Malattia)
              </span>
            </label>
          </div>
          <div>
            <div
              class="MuiFormControl-root MuiFormControl-fullWidth MuiPickersTextField-root Mui-required css-19y0qf7-MuiFormControl-root-MuiPickersTextField-root"
            >
              <label
                class="MuiFormLabel-root MuiInputLabel-root MuiInputLabel-formControl MuiInputLabel-animated MuiInputLabel-shrink MuiInputLabel-outlined MuiFormLabel-colorPrimary MuiFormLabel-filled Mui-required MuiInputLabel-root MuiInputLabel-formControl MuiInputLabel-animated MuiInputLabel-shrink MuiInputLabel-outlined css-113d811-MuiFormLabel-root-MuiInputLabel-root"
                data-shrink="true"
                for="_r_0_"
                id="_r_0_-label"
              >
                Data
                <span
                  aria-hidden="true"
                  class="MuiFormLabel-asterisk MuiInputLabel-asterisk css-1ljffdk-MuiFormLabel-asterisk"
                >
                   
                  *
                </span>
              </label>
              <div
                aria-invalid="false"
                aria-labelledby="_r_0_-label"
                class="MuiPickersInputBase-root MuiPickersOutlinedInput-root MuiPickersInputBase-fullWidth MuiPickersInputBase-colorPrimary MuiPickersInputBase-adornedEnd css-1gxxtgy-MuiPickersInputBase-root-MuiPickersOutlinedInput-root"
                role="group"
              >
                <div
                  class="MuiPickersSectionList-root MuiPickersInputBase-sectionsContainer css-1fb7els-MuiPickersSectionList-root-MuiPickersInputBase-sectionsContainer-MuiPickersOutlinedInput-sectionsContainer"
                  contenteditable="false"
                  tabindex="0"
                >
                  <span
                    class="MuiPickersSectionList-section css-joz0rk-MuiPickersSectionList-section-MuiPickersInputBase-section"
                    data-sectionindex="0"
                  >
                    <span
                      class="MuiPickersInputBase-sectionBefore css-w1q93y-MuiPickersSectionList-sectionSeparator-MuiPickersInputBase-separator"
                    />
                    <span
                      aria-disabled="false"
                      aria-label="Day"
                      aria-readonly="false"
                      aria-valuemax="31"
                      aria-valuemin="1"
                      aria-valuenow="12"
                      aria-valuetext="12"
                      autocapitalize="none"
                      autocorrect="off"
                      class="MuiPickersSectionList-sectionContent MuiPickersInputBase-sectionContent css-1jpopwz-MuiPickersSectionList-sectionContent-MuiPickersInputBase-sectionContent"
                      contenteditable="true"
                      inputmode="numeric"
                      role="spinbutton"
                      spellcheck="false"
                      tabindex="0"
                    >
                      12
                    </span>
                    <span
                      class="MuiPickersInputBase-sectionAfter css-w1q93y-MuiPickersSectionList-sectionSeparator-MuiPickersInputBase-separator"
                    >
                      /
                    </span>
                  </span>
                  <span
                    class="MuiPickersSectionList-section css-joz0rk-MuiPickersSectionList-section-MuiPickersInputBase-section"
                    data-sectionindex="1"
                  >
                    <span
                      class="MuiPickersInputBase-sectionBefore css-w1q93y-MuiPickersSectionList-sectionSeparator-MuiPickersInputBase-separator"
                    />
                    <span
                      aria-disabled="false"
                      aria-label="Month"
                      aria-readonly="false"
                      aria-valuemax="12"
                      aria-valuemin="1"
                      aria-valuenow="5"
                      aria-valuetext="maggio"
                      autocapitalize="none"
                      autocorrect="off"
                      class="MuiPickersSectionList-sectionContent MuiPickersInputBase-sectionContent css-1jpopwz-MuiPickersSectionList-sectionContent-MuiPickersInputBase-sectionContent"
                      contenteditable="true"
                      inputmode="numeric"
                      role="spinbutton"
                      spellcheck="false"
                      tabindex="-1"
                    >
                      05
                    </span>
                    <span
                      class="MuiPickersInputBase-sectionAfter css-w1q93y-MuiPickersSectionList-sectionSeparator-MuiPickersInputBase-separator"
                    >
                      /
                    </span>
                  </span>
                  <span
                    class="MuiPickersSectionList-section css-joz0rk-MuiPickersSectionList-section-MuiPickersInputBase-section"
                    data-sectionindex="2"
                  >
                    <span
                      class="MuiPickersInputBase-sectionBefore css-w1q93y-MuiPickersSectionList-sectionSeparator-MuiPickersInputBase-separator"
                    />
                    <span
                      aria-disabled="false"
                      aria-label="Year"
                      aria-readonly="false"
                      aria-valuemax="9999"
                      aria-valuemin="0"
                      aria-valuenow="2026"
                      autocapitalize="none"
                      autocorrect="off"
                      class="MuiPickersSectionList-sectionContent MuiPickersInputBase-sectionContent css-1jpopwz-MuiPickersSectionList-sectionContent-MuiPickersInputBase-sectionContent"
                      contenteditable="true"
                      inputmode="numeric"
                      role="spinbutton"
                      spellcheck="false"
                      tabindex="-1"
                    >
                      2026
                    </span>
                    <span
                      class="MuiPickersInputBase-sectionAfter css-w1q93y-MuiPickersSectionList-sectionSeparator-MuiPickersInputBase-separator"
                    />
                  </span>
                </div>
                <div
                  class="MuiInputAdornment-root MuiInputAdornment-positionEnd MuiInputAdornment-outlined MuiInputAdornment-sizeMedium css-elo8k2-MuiInputAdornment-root"
                >
                  <button
                    aria-label="Choose date, selected date is 12 mag 2026"
                    class="MuiButtonBase-root MuiIconButton-root MuiIconButton-edgeEnd MuiIconButton-sizeMedium css-1ysp02-MuiButtonBase-root-MuiIconButton-root"
                    tabindex="0"
                    type="button"
                  >
                    <svg
                      aria-hidden="true"
                      class="MuiSvgIcon-root MuiSvgIcon-fontSizeMedium css-1umw9bq-MuiSvgIcon-root"
                      data-testid="CalendarIcon"
                      focusable="false"
                      viewBox="0 0 24 24"
                    >
                      <path
                        d="M17 12h-5v5h5v-5zM16 1v2H8V1H6v2H5c-1.11 0-1.99.9-1.99 2L3 19c0 1.1.89 2 2 2h14c1.1 0 2-.9 2-2V5c0-1.1-.9-2-2-2h-1V1h-2zm3 18H5V8h14v11z"
                      />
                    </svg>
                  </button>
                </div>
                <fieldset
                  aria-hidden="true"
                  class="MuiPickersOutlinedInput-notchedOutline css-lqwr9g-MuiPickersOutlinedInput-notchedOutline"
                >
                  <legend
                    class="css-kg5swy"
                  >
                    <span
                      class="css-w48gsk"
                    >
                      Data
                       
                      *
                    </span>
                  </legend>
                </fieldset>
                <input
                  aria-hidden="true"
                  class="MuiPickersInputBase-input MuiPickersOutlinedInput-input css-31lcvl-MuiPickersInputBase-input"
                  id="_r_0_"
                  required=""
                  tabindex="-1"
                  value="12/05/2026"
                />
              </div>
            </div>
          </div>
          <div>
            <div
              class="MuiFormControl-root MuiFormControl-fullWidth MuiTextField-root css-cmpglg-MuiFormControl-root-MuiTextField-root"
            >
              <label
                class="MuiFormLabel-root MuiInputLabel-root MuiInputLabel-formControl MuiInputLabel-animated MuiInputLabel-shrink MuiInputLabel-outlined MuiFormLabel-colorPrimary Mui-disabled MuiFormLabel-filled MuiInputLabel-root MuiInputLabel-formControl MuiInputLabel-animated MuiInputLabel-shrink MuiInputLabel-outlined css-113d811-MuiFormLabel-root-MuiInputLabel-root"
                data-shrink="true"
                for="_r_3_"
                id="_r_3_-label"
              >
                Tecnico Responsabile
              </label>
              <div
                class="MuiInputBase-root MuiOutlinedInput-root MuiInputBase-colorPrimary Mui-disabled MuiInputBase-fullWidth MuiInputBase-formControl css-1blp12k-MuiInputBase-root-MuiOutlinedInput-root"
              >
                <input
                  aria-invalid="false"
                  class="MuiInputBase-input MuiOutlinedInput-input Mui-disabled css-16wblaj-MuiInputBase-input-MuiOutlinedInput-input"
                  disabled=""
                  id="_r_3_"
                  type="text"
                  value="Caricamento..."
                />
                <fieldset
                  aria-hidden="true"
                  class="MuiOutlinedInput-notchedOutline css-18p5xg2-MuiNotchedOutlined-root-MuiOutlinedInput-notchedOutline"
                >
                  <legend
                    class="css-ex8a5f-MuiNotchedOutlined-root"
                  >
                    <span>
                      Tecnico Responsabile
                    </span>
                  </legend>
                </fieldset>
              </div>
            </div>
          </div>
          <div>
            <div
              class="MuiFormControl-root MuiFormControl-fullWidth css-ytlejw-MuiFormControl-root"
            >
              <label
                class="MuiFormLabel-root MuiInputLabel-root MuiInputLabel-formControl MuiInputLabel-animated MuiInputLabel-outlined MuiFormLabel-colorPrimary Mui-required MuiInputLabel-root MuiInputLabel-formControl MuiInputLabel-animated MuiInputLabel-outlined css-19qnlrw-MuiFormLabel-root-MuiInputLabel-root"
                data-shrink="false"
              >
                Tipo Giornata
                <span
                  aria-hidden="true"
                  class="MuiFormLabel-asterisk MuiInputLabel-asterisk css-1ljffdk-MuiFormLabel-asterisk"
                >
                   
                  *
                </span>
              </label>
              <div
                class="MuiInputBase-root MuiOutlinedInput-root MuiInputBase-colorPrimary MuiInputBase-formControl MuiSelect-root css-sc8y68-MuiInputBase-root-MuiOutlinedInput-root-MuiSelect-root"
              >
                <div
                  aria-expanded="false"
                  aria-haspopup="listbox"
                  aria-required="true"
                  class="MuiSelect-select MuiSelect-outlined MuiInputBase-input MuiOutlinedInput-input css-18jp67o-MuiNativeSelect-root-MuiSelect-select-MuiInputBase-input-MuiOutlinedInput-input"
                  role="combobox"
                  tabindex="0"
                >
                  <span
                    aria-hidden="true"
                    class="notranslate"
                  >
                    ​
                  </span>
                </div>
                <input
                  aria-hidden="true"
                  aria-invalid="false"
                  class="MuiSelect-nativeInput css-j0riat-MuiSelect-nativeInput"
                  required=""
                  tabindex="-1"
                  value=""
                />
                <svg
                  aria-hidden="true"
                  class="MuiSvgIcon-root MuiSvgIcon-fontSizeMedium MuiSelect-icon MuiSelect-iconOutlined css-1rfqz7c-MuiSvgIcon-root-MuiNativeSelect-root-MuiSelect-icon"
                  data-testid="ArrowDropDownIcon"
                  focusable="false"
                  viewBox="0 0 24 24"
                >
                  <path
                    d="M7 10l5 5 5-5z"
                  />
                </svg>
                <fieldset
                  aria-hidden="true"
                  class="MuiOutlinedInput-notchedOutline css-18p5xg2-MuiNotchedOutlined-root-MuiOutlinedInput-notchedOutline"
                >
                  <legend
                    class="css-1n64csd-MuiNotchedOutlined-root"
                  >
                    <span>
                      Tipo Giornata
                       
                      *
                    </span>
                  </legend>
                </fieldset>
              </div>
            </div>
          </div>
        </div>
      </div>
      <div
        class="MuiPaper-root MuiPaper-outlined MuiPaper-rounded css-1d461dr-MuiPaper-root"
      >
        <div
          class="MuiTypography-root MuiTypography-h6 MuiTypography-gutterBottom css-1uchf3r-MuiTypography-root"
        >
          Tecnici Coinvolti
        </div>
        <div
          spacing="3"
        >
          <div
            size="12"
          >
            <div
              class="MuiBox-root css-1bormhx"
            >
              <div
                class="MuiGrid-root MuiGrid-container MuiGrid-direction-xs-row MuiGrid-spacing-xs-2 css-mwb7rv-MuiGrid-root"
              >
                <div
                  class="MuiGrid-root MuiGrid-direction-xs-row MuiGrid-grid-xs-12 css-yqiqnf-MuiGrid-root"
                >
                  <h6
                    class="MuiTypography-root MuiTypography-subtitle1 css-or3kzz-MuiTypography-root"
                  >
                    Orario Tecnico Responsabile
                  </h6>
                </div>
                <div
                  class="MuiGrid-root MuiGrid-direction-xs-row MuiGrid-grid-xs-12 css-yqiqnf-MuiGrid-root"
                >
                  <label
                    class="MuiFormControlLabel-root MuiFormControlLabel-labelPlacementEnd css-19opgx6-MuiFormControlLabel-root"
                  >
                    <span
                      class="MuiSwitch-root MuiSwitch-sizeMedium css-rehya9-MuiSwitch-root"
                    >
                      <span
                        class="MuiButtonBase-root MuiSwitch-switchBase MuiSwitch-colorPrimary PrivateSwitchBase-root MuiSwitch-switchBase MuiSwitch-colorPrimary css-aqlqb4-MuiButtonBase-root-MuiSwitchBase-root-MuiSwitch-switchBase"
                      >
                        <input
                          class="PrivateSwitchBase-input MuiSwitch-input css-12xagqm-MuiSwitchBase-root"
                          role="switch"
                          type="checkbox"
                        />
                        <span
                          class="MuiSwitch-thumb css-1mw77bv-MuiSwitch-thumb"
                        />
                      </span>
                      <span
                        class="MuiSwitch-track css-1kf3qur-MuiSwitch-track"
                      />
                    </span>
                    <span
                      class="MuiTypography-root MuiTypography-body1 MuiFormControlLabel-label css-rizt0-MuiTypography-root"
                    >
                      Inserimento Manuale (per tutti)
                    </span>
                  </label>
                </div>
                <div
                  class="MuiGrid-root MuiGrid-direction-xs-row MuiGrid-grid-xs-6 MuiGrid-grid-sm-4 css-187wf5e-MuiGrid-root"
                >
                  <div
                    class="MuiFormControl-root MuiFormControl-fullWidth css-ytlejw-MuiFormControl-root"
                  >
                    <label
                      class="MuiFormLabel-root MuiInputLabel-root MuiInputLabel-formControl MuiInputLabel-animated MuiInputLabel-shrink MuiInputLabel-outlined MuiFormLabel-colorPrimary MuiFormLabel-filled MuiInputLabel-root MuiInputLabel-formControl MuiInputLabel-animated MuiInputLabel-shrink MuiInputLabel-outlined css-113d811-MuiFormLabel-root-MuiInputLabel-root"
                      data-shrink="true"
                      id="inizio-label"
                    >
                      Inizio
                    </label>
                    <div
                      class="MuiInputBase-root MuiOutlinedInput-root MuiInputBase-colorPrimary MuiInputBase-formControl MuiSelect-root css-sc8y68-MuiInputBase-root-MuiOutlinedInput-root-MuiSelect-root"
                    >
                      <div
                        aria-expanded="false"
                        aria-haspopup="listbox"
                        aria-labelledby="inizio-label"
                        class="MuiSelect-select MuiSelect-outlined MuiInputBase-input MuiOutlinedInput-input css-18jp67o-MuiNativeSelect-root-MuiSelect-select-MuiInputBase-input-MuiOutlinedInput-input"
                        role="combobox"
                        tabindex="0"
                      >
                        07:30
                      </div>
                      <input
                        aria-hidden="true"
                        aria-invalid="false"
                        class="MuiSelect-nativeInput css-j0riat-MuiSelect-nativeInput"
                        tabindex="-1"
                        value="07:30"
                      />
                      <svg
                        aria-hidden="true"
                        class="MuiSvgIcon-root MuiSvgIcon-fontSizeMedium MuiSelect-icon MuiSelect-iconOutlined css-1rfqz7c-MuiSvgIcon-root-MuiNativeSelect-root-MuiSelect-icon"
                        data-testid="ArrowDropDownIcon"
                        focusable="false"
                        viewBox="0 0 24 24"
                      >
                        <path
                          d="M7 10l5 5 5-5z"
                        />
                      </svg>
                      <fieldset
                        aria-hidden="true"
                        class="MuiOutlinedInput-notchedOutline css-18p5xg2-MuiNotchedOutlined-root-MuiOutlinedInput-notchedOutline"
                      >
                        <legend
                          class="css-ex8a5f-MuiNotchedOutlined-root"
                        >
                          <span>
                            Inizio
                          </span>
                        </legend>
                      </fieldset>
                    </div>
                  </div>
                </div>
                <div
                  class="MuiGrid-root MuiGrid-direction-xs-row MuiGrid-grid-xs-6 MuiGrid-grid-sm-4 css-187wf5e-MuiGrid-root"
                >
                  <div
                    class="MuiFormControl-root MuiFormControl-fullWidth css-ytlejw-MuiFormControl-root"
                  >
                    <label
                      class="MuiFormLabel-root MuiInputLabel-root MuiInputLabel-formControl MuiInputLabel-animated MuiInputLabel-shrink MuiInputLabel-outlined MuiFormLabel-colorPrimary MuiFormLabel-filled MuiInputLabel-root MuiInputLabel-formControl MuiInputLabel-animated MuiInputLabel-shrink MuiInputLabel-outlined css-113d811-MuiFormLabel-root-MuiInputLabel-root"
                      data-shrink="true"
                      id="fine-label"
                    >
                      Fine
                    </label>
                    <div
                      class="MuiInputBase-root MuiOutlinedInput-root MuiInputBase-colorPrimary MuiInputBase-formControl MuiSelect-root css-sc8y68-MuiInputBase-root-MuiOutlinedInput-root-MuiSelect-root"
                    >
                      <div
                        aria-expanded="false"
                        aria-haspopup="listbox"
                        aria-labelledby="fine-label"
                        class="MuiSelect-select MuiSelect-outlined MuiInputBase-input MuiOutlinedInput-input css-18jp67o-MuiNativeSelect-root-MuiSelect-select-MuiInputBase-input-MuiOutlinedInput-input"
                        role="combobox"
                        tabindex="0"
                      >
                        16:30
                      </div>
                      <input
                        aria-hidden="true"
                        aria-invalid="false"
                        class="MuiSelect-nativeInput css-j0riat-MuiSelect-nativeInput"
                        tabindex="-1"
                        value="16:30"
                      />
                      <svg
                        aria-hidden="true"
                        class="MuiSvgIcon-root MuiSvgIcon-fontSizeMedium MuiSelect-icon MuiSelect-iconOutlined css-1rfqz7c-MuiSvgIcon-root-MuiNativeSelect-root-MuiSelect-icon"
                        data-testid="ArrowDropDownIcon"
                        focusable="false"
                        viewBox="0 0 24 24"
                      >
                        <path
                          d="M7 10l5 5 5-5z"
                        />
                      </svg>
                      <fieldset
                        aria-hidden="true"
                        class="MuiOutlinedInput-notchedOutline css-18p5xg2-MuiNotchedOutlined-root-MuiOutlinedInput-notchedOutline"
                      >
                        <legend
                          class="css-ex8a5f-MuiNotchedOutlined-root"
                        >
                          <span>
                            Fine
                          </span>
                        </legend>
                      </fieldset>
                    </div>
                  </div>
                </div>
                <div
                  class="MuiGrid-root MuiGrid-direction-xs-row MuiGrid-grid-xs-12 MuiGrid-grid-sm-4 css-8rtno-MuiGrid-root"
                >
                  <div
                    class="MuiFormControl-root MuiFormControl-fullWidth css-ytlejw-MuiFormControl-root"
                  >
                    <label
                      class="MuiFormLabel-root MuiInputLabel-root MuiInputLabel-formControl MuiInputLabel-animated MuiInputLabel-shrink MuiInputLabel-outlined MuiFormLabel-colorPrimary MuiFormLabel-filled MuiInputLabel-root MuiInputLabel-formControl MuiInputLabel-animated MuiInputLabel-shrink MuiInputLabel-outlined css-113d811-MuiFormLabel-root-MuiInputLabel-root"
                      data-shrink="true"
                      id="pausa-label"
                    >
                      Pausa (min)
                    </label>
                    <div
                      class="MuiInputBase-root MuiOutlinedInput-root MuiInputBase-colorPrimary MuiInputBase-formControl MuiSelect-root css-sc8y68-MuiInputBase-root-MuiOutlinedInput-root-MuiSelect-root"
                    >
                      <div
                        aria-expanded="false"
                        aria-haspopup="listbox"
                        aria-labelledby="pausa-label"
                        class="MuiSelect-select MuiSelect-outlined MuiInputBase-input MuiOutlinedInput-input css-18jp67o-MuiNativeSelect-root-MuiSelect-select-MuiInputBase-input-MuiOutlinedInput-input"
                        role="combobox"
                        tabindex="0"
                      >
                        60
                      </div>
                      <input
                        aria-hidden="true"
                        aria-invalid="false"
                        class="MuiSelect-nativeInput css-j0riat-MuiSelect-nativeInput"
                        tabindex="-1"
                        value="60"
                      />
                      <svg
                        aria-hidden="true"
                        class="MuiSvgIcon-root MuiSvgIcon-fontSizeMedium MuiSelect-icon MuiSelect-iconOutlined css-1rfqz7c-MuiSvgIcon-root-MuiNativeSelect-root-MuiSelect-icon"
                        data-testid="ArrowDropDownIcon"
                        focusable="false"
                        viewBox="0 0 24 24"
                      >
                        <path
                          d="M7 10l5 5 5-5z"
                        />
                      </svg>
                      <fieldset
                        aria-hidden="true"
                        class="MuiOutlinedInput-notchedOutline css-18p5xg2-MuiNotchedOutlined-root-MuiOutlinedInput-notchedOutline"
                      >
                        <legend
                          class="css-ex8a5f-MuiNotchedOutlined-root"
                        >
                          <span>
                            Pausa (min)
                          </span>
                        </legend>
                      </fieldset>
                    </div>
                  </div>
                </div>
                <div
                  class="MuiGrid-root MuiGrid-direction-xs-row MuiGrid-grid-xs-12 css-yqiqnf-MuiGrid-root"
                >
                  <div
                    class="MuiFormControl-root MuiFormControl-fullWidth MuiTextField-root css-cmpglg-MuiFormControl-root-MuiTextField-root"
                  >
                    <label
                      class="MuiFormLabel-root MuiInputLabel-root MuiInputLabel-formControl MuiInputLabel-animated MuiInputLabel-shrink MuiInputLabel-filled MuiFormLabel-colorPrimary MuiFormLabel-filled MuiInputLabel-root MuiInputLabel-formControl MuiInputLabel-animated MuiInputLabel-shrink MuiInputLabel-filled css-eok8s2-MuiFormLabel-root-MuiInputLabel-root"
                      data-shrink="true"
                      for="_r_8_"
                      id="_r_8_-label"
                    >
                      Totale Ore Calcolato
                    </label>
                    <div
                      class="MuiInputBase-root MuiFilledInput-root MuiFilledInput-underline MuiInputBase-colorPrimary MuiInputBase-fullWidth MuiInputBase-formControl Mui-readOnly MuiInputBase-readOnly css-wa591i-MuiInputBase-root-MuiFilledInput-root"
                    >
                      <input
                        aria-invalid="false"
                        class="MuiInputBase-input MuiFilledInput-input Mui-readOnly MuiInputBase-readOnly css-voecp4-MuiInputBase-input-MuiFilledInput-input"
                        id="_r_8_"
                        readonly=""
                        type="text"
                        value="8.00"
                      />
                    </div>
                  </div>
                </div>
              </div>
            </div>
          </div>
          <div
            size="12"
          >
            <div
              class="MuiAutocomplete-root MuiAutocomplete-hasPopupIcon css-o5oj2-MuiAutocomplete-root"
            >
              <div
                class="MuiFormControl-root MuiFormControl-fullWidth MuiTextField-root css-cmpglg-MuiFormControl-root-MuiTextField-root"
              >
                <label
                  class="MuiFormLabel-root MuiInputLabel-root MuiInputLabel-formControl MuiInputLabel-animated MuiInputLabel-outlined MuiFormLabel-colorPrimary MuiInputLabel-root MuiInputLabel-formControl MuiInputLabel-animated MuiInputLabel-outlined css-19qnlrw-MuiFormLabel-root-MuiInputLabel-root"
                  data-shrink="false"
                  for="_r_9_"
                  id="_r_9_-label"
                >
                  Aggiungi altri tecnici presenti
                </label>
                <div
                  class="MuiInputBase-root MuiOutlinedInput-root MuiInputBase-colorPrimary MuiInputBase-fullWidth MuiInputBase-formControl MuiInputBase-adornedEnd MuiAutocomplete-inputRoot css-1n04w30-MuiInputBase-root-MuiOutlinedInput-root"
                >
                  <input
                    aria-autocomplete="list"
                    aria-expanded="false"
                    aria-invalid="false"
                    autocapitalize="none"
                    autocomplete="off"
                    class="MuiInputBase-input MuiOutlinedInput-input MuiInputBase-inputAdornedEnd MuiAutocomplete-input MuiAutocomplete-inputFocused css-1dune0f-MuiInputBase-input-MuiOutlinedInput-input"
                    id="_r_9_"
                    role="combobox"
                    spellcheck="false"
                    type="text"
                    value=""
                  />
                  <div
                    class="MuiAutocomplete-endAdornment css-1uhhrmm-MuiAutocomplete-endAdornment"
                  >
                    <button
                      aria-label="Open"
                      class="MuiButtonBase-root MuiIconButton-root MuiIconButton-sizeMedium MuiAutocomplete-popupIndicator css-2y136s-MuiButtonBase-root-MuiIconButton-root-MuiAutocomplete-popupIndicator"
                      tabindex="-1"
                      title="Open"
                      type="button"
                    >
                      <svg
                        aria-hidden="true"
                        class="MuiSvgIcon-root MuiSvgIcon-fontSizeMedium css-1umw9bq-MuiSvgIcon-root"
                        data-testid="ArrowDropDownIcon"
                        focusable="false"
                        viewBox="0 0 24 24"
                      >
                        <path
                          d="M7 10l5 5 5-5z"
                        />
                      </svg>
                    </button>
                  </div>
                  <fieldset
                    aria-hidden="true"
                    class="MuiOutlinedInput-notchedOutline css-18p5xg2-MuiNotchedOutlined-root-MuiOutlinedInput-notchedOutline"
                  >
                    <legend
                      class="css-1n64csd-MuiNotchedOutlined-root"
                    >
                      <span>
                        Aggiungi altri tecnici presenti
                      </span>
                    </legend>
                  </fieldset>
                </div>
              </div>
            </div>
          </div>
        </div>
      </div>
      <div
        class="MuiPaper-root MuiPaper-outlined MuiPaper-rounded css-1d461dr-MuiPaper-root"
      >
        <div
          class="MuiTypography-root MuiTypography-h6 MuiTypography-gutterBottom css-1uchf3r-MuiTypography-root"
        >
          Dettagli Intervento
        </div>
        <div
          spacing="3"
        >
          <div>
            <div
              class="MuiFormControl-root MuiFormControl-fullWidth css-ytlejw-MuiFormControl-root"
            >
              <label
                class="MuiFormLabel-root MuiInputLabel-root MuiInputLabel-formControl MuiInputLabel-animated MuiInputLabel-outlined MuiFormLabel-colorPrimary MuiInputLabel-root MuiInputLabel-formControl MuiInputLabel-animated MuiInputLabel-outlined css-19qnlrw-MuiFormLabel-root-MuiInputLabel-root"
                data-shrink="false"
              >
                Nave
              </label>
              <div
                class="MuiInputBase-root MuiOutlinedInput-root MuiInputBase-colorPrimary MuiInputBase-formControl MuiSelect-root css-sc8y68-MuiInputBase-root-MuiOutlinedInput-root-MuiSelect-root"
              >
                <div
                  aria-expanded="false"
                  aria-haspopup="listbox"
                  class="MuiSelect-select MuiSelect-outlined MuiInputBase-input MuiOutlinedInput-input css-18jp67o-MuiNativeSelect-root-MuiSelect-select-MuiInputBase-input-MuiOutlinedInput-input"
                  role="combobox"
                  tabindex="0"
                >
                  <span
                    aria-hidden="true"
                    class="notranslate"
                  >
                    ​
                  </span>
                </div>
                <input
                  aria-hidden="true"
                  aria-invalid="false"
                  class="MuiSelect-nativeInput css-j0riat-MuiSelect-nativeInput"
                  tabindex="-1"
                  value=""
                />
                <svg
                  aria-hidden="true"
                  class="MuiSvgIcon-root MuiSvgIcon-fontSizeMedium MuiSelect-icon MuiSelect-iconOutlined css-1rfqz7c-MuiSvgIcon-root-MuiNativeSelect-root-MuiSelect-icon"
                  data-testid="ArrowDropDownIcon"
                  focusable="false"
                  viewBox="0 0 24 24"
                >
                  <path
                    d="M7 10l5 5 5-5z"
                  />
                </svg>
                <fieldset
                  aria-hidden="true"
                  class="MuiOutlinedInput-notchedOutline css-18p5xg2-MuiNotchedOutlined-root-MuiOutlinedInput-notchedOutline"
                >
                  <legend
                    class="css-1n64csd-MuiNotchedOutlined-root"
                  >
                    <span>
                      Nave
                    </span>
                  </legend>
                </fieldset>
              </div>
            </div>
          </div>
          <div>
            <div
              class="MuiFormControl-root MuiFormControl-fullWidth css-ytlejw-MuiFormControl-root"
            >
              <label
                class="MuiFormLabel-root MuiInputLabel-root MuiInputLabel-formControl MuiInputLabel-animated MuiInputLabel-outlined MuiFormLabel-colorPrimary MuiInputLabel-root MuiInputLabel-formControl MuiInputLabel-animated MuiInputLabel-outlined css-19qnlrw-MuiFormLabel-root-MuiInputLabel-root"
                data-shrink="false"
              >
                Luogo
              </label>
              <div
                class="MuiInputBase-root MuiOutlinedInput-root MuiInputBase-colorPrimary MuiInputBase-formControl MuiSelect-root css-sc8y68-MuiInputBase-root-MuiOutlinedInput-root-MuiSelect-root"
              >
                <div
                  aria-expanded="false"
                  aria-haspopup="listbox"
                  class="MuiSelect-select MuiSelect-outlined MuiInputBase-input MuiOutlinedInput-input css-18jp67o-MuiNativeSelect-root-MuiSelect-select-MuiInputBase-input-MuiOutlinedInput-input"
                  role="combobox"
                  tabindex="0"
                >
                  <span
                    aria-hidden="true"
                    class="notranslate"
                  >
                    ​
                  </span>
                </div>
                <input
                  aria-hidden="true"
                  aria-invalid="false"
                  class="MuiSelect-nativeInput css-j0riat-MuiSelect-nativeInput"
                  tabindex="-1"
                  value=""
                />
                <svg
                  aria-hidden="true"
                  class="MuiSvgIcon-root MuiSvgIcon-fontSizeMedium MuiSelect-icon MuiSelect-iconOutlined css-1rfqz7c-MuiSvgIcon-root-MuiNativeSelect-root-MuiSelect-icon"
                  data-testid="ArrowDropDownIcon"
                  focusable="false"
                  viewBox="0 0 24 24"
                >
                  <path
                    d="M7 10l5 5 5-5z"
                  />
                </svg>
                <fieldset
                  aria-hidden="true"
                  class="MuiOutlinedInput-notchedOutline css-18p5xg2-MuiNotchedOutlined-root-MuiOutlinedInput-notchedOutline"
                >
                  <legend
                    class="css-1n64csd-MuiNotchedOutlined-root"
                  >
                    <span>
                      Luogo
                    </span>
                  </legend>
                </fieldset>
              </div>
            </div>
          </div>
          <div
            size="12"
          >
            <div
              class="MuiFormControl-root MuiFormControl-fullWidth css-ytlejw-MuiFormControl-root"
            >
              <label
                class="MuiFormLabel-root MuiInputLabel-root MuiInputLabel-formControl MuiInputLabel-animated MuiInputLabel-outlined MuiFormLabel-colorPrimary MuiInputLabel-root MuiInputLabel-formControl MuiInputLabel-animated MuiInputLabel-outlined css-19qnlrw-MuiFormLabel-root-MuiInputLabel-root"
                data-shrink="false"
              >
                Veicolo
              </label>
              <div
                class="MuiInputBase-root MuiOutlinedInput-root MuiInputBase-colorPrimary MuiInputBase-formControl MuiSelect-root css-sc8y68-MuiInputBase-root-MuiOutlinedInput-root-MuiSelect-root"
              >
                <div
                  aria-expanded="false"
                  aria-haspopup="listbox"
                  class="MuiSelect-select MuiSelect-outlined MuiInputBase-input MuiOutlinedInput-input css-18jp67o-MuiNativeSelect-root-MuiSelect-select-MuiInputBase-input-MuiOutlinedInput-input"
                  role="combobox"
                  tabindex="0"
                >
                  <span
                    aria-hidden="true"
                    class="notranslate"
                  >
                    ​
                  </span>
                </div>
                <input
                  aria-hidden="true"
                  aria-invalid="false"
                  class="MuiSelect-nativeInput css-j0riat-MuiSelect-nativeInput"
                  tabindex="-1"
                  value=""
                />
                <svg
                  aria-hidden="true"
                  class="MuiSvgIcon-root MuiSvgIcon-fontSizeMedium MuiSelect-icon MuiSelect-iconOutlined css-1rfqz7c-MuiSvgIcon-root-MuiNativeSelect-root-MuiSelect-icon"
                  data-testid="ArrowDropDownIcon"
                  focusable="false"
                  viewBox="0 0 24 24"
                >
                  <path
                    d="M7 10l5 5 5-5z"
                  />
                </svg>
                <fieldset
                  aria-hidden="true"
                  class="MuiOutlinedInput-notchedOutline css-18p5xg2-MuiNotchedOutlined-root-MuiOutlinedInput-notchedOutline"
                >
                  <legend
                    class="css-1n64csd-MuiNotchedOutlined-root"
                  >
                    <span>
                      Veicolo
                    </span>
                  </legend>
                </fieldset>
              </div>
            </div>
          </div>
          <div
            size="12"
          >
            <div
              class="MuiFormControl-root MuiFormControl-fullWidth MuiTextField-root css-cmpglg-MuiFormControl-root-MuiTextField-root"
            >
              <label
                class="MuiFormLabel-root MuiInputLabel-root MuiInputLabel-formControl MuiInputLabel-animated MuiInputLabel-outlined MuiFormLabel-colorPrimary MuiInputLabel-root MuiInputLabel-formControl MuiInputLabel-animated MuiInputLabel-outlined css-19qnlrw-MuiFormLabel-root-MuiInputLabel-root"
                data-shrink="false"
                for="_r_f_"
                id="_r_f_-label"
              >
                Breve Descrizione Lavoro
              </label>
              <div
                class="MuiInputBase-root MuiOutlinedInput-root MuiInputBase-colorPrimary MuiInputBase-fullWidth MuiInputBase-formControl css-1blp12k-MuiInputBase-root-MuiOutlinedInput-root"
              >
                <input
                  aria-invalid="false"
                  class="MuiInputBase-input MuiOutlinedInput-input css-16wblaj-MuiInputBase-input-MuiOutlinedInput-input"
                  id="_r_f_"
                  type="text"
                  value=""
                />
                <fieldset
                  aria-hidden="true"
                  class="MuiOutlinedInput-notchedOutline css-18p5xg2-MuiNotchedOutlined-root-MuiOutlinedInput-notchedOutline"
                >
                  <legend
                    class="css-1n64csd-MuiNotchedOutlined-root"
                  >
                    <span>
                      Breve Descrizione Lavoro
                    </span>
                  </legend>
                </fieldset>
              </div>
            </div>
          </div>
          <div
            size="12"
          >
            <div
              class="MuiFormControl-root MuiFormControl-fullWidth MuiTextField-root css-cmpglg-MuiFormControl-root-MuiTextField-root"
            >
              <label
                class="MuiFormLabel-root MuiInputLabel-root MuiInputLabel-formControl MuiInputLabel-animated MuiInputLabel-outlined MuiFormLabel-colorPrimary MuiInputLabel-root MuiInputLabel-formControl MuiInputLabel-animated MuiInputLabel-outlined css-19qnlrw-MuiFormLabel-root-MuiInputLabel-root"
                data-shrink="false"
                for="_r_g_"
                id="_r_g_-label"
              >
                Lavoro Eseguito
              </label>
              <div
                class="MuiInputBase-root MuiOutlinedInput-root MuiInputBase-colorPrimary MuiInputBase-fullWidth MuiInputBase-formControl MuiInputBase-multiline css-zsp0bh-MuiInputBase-root-MuiOutlinedInput-root"
              >
                <textarea
                  aria-invalid="false"
                  class="MuiInputBase-input MuiOutlinedInput-input MuiInputBase-inputMultiline css-w4nesw-MuiInputBase-input-MuiOutlinedInput-input"
                  id="_r_g_"
                  rows="4"
                  style="height: 0px; overflow: hidden;"
                />
                <textarea
                  aria-hidden="true"
                  class="MuiInputBase-input MuiOutlinedInput-input MuiInputBase-inputMultiline css-w4nesw-MuiInputBase-input-MuiOutlinedInput-input"
                  readonly=""
                  style="visibility: hidden; position: absolute; overflow: hidden; height: 0px; top: 0px; left: 0px; transform: translateZ(0); padding-top: 0px; padding-bottom: 0px; width: 100%;"
                  tabindex="-1"
                />
                <fieldset
                  aria-hidden="true"
                  class="MuiOutlinedInput-notchedOutline css-18p5xg2-MuiNotchedOutlined-root-MuiOutlinedInput-notchedOutline"
                >
                  <legend
                    class="css-1n64csd-MuiNotchedOutlined-root"
                  >
                    <span>
                      Lavoro Eseguito
                    </span>
                  </legend>
                </fieldset>
              </div>
            </div>
          </div>
          <div
            size="12"
          >
            <div
              class="MuiFormControl-root MuiFormControl-fullWidth MuiTextField-root css-cmpglg-MuiFormControl-root-MuiTextField-root"
            >
              <label
                class="MuiFormLabel-root MuiInputLabel-root MuiInputLabel-formControl MuiInputLabel-animated MuiInputLabel-outlined MuiFormLabel-colorPrimary MuiInputLabel-root MuiInputLabel-formControl MuiInputLabel-animated MuiInputLabel-outlined css-19qnlrw-MuiFormLabel-root-MuiInputLabel-root"
                data-shrink="false"
                for="_r_h_"
                id="_r_h_-label"
              >
                Materiali Impiegati
              </label>
              <div
                class="MuiInputBase-root MuiOutlinedInput-root MuiInputBase-colorPrimary MuiInputBase-fullWidth MuiInputBase-formControl MuiInputBase-multiline css-zsp0bh-MuiInputBase-root-MuiOutlinedInput-root"
              >
                <textarea
                  aria-invalid="false"
                  class="MuiInputBase-input MuiOutlinedInput-input MuiInputBase-inputMultiline css-w4nesw-MuiInputBase-input-MuiOutlinedInput-input"
                  id="_r_h_"
                  rows="2"
                  style="height: 0px; overflow: hidden;"
                />
                <textarea
                  aria-hidden="true"
                  class="MuiInputBase-input MuiOutlinedInput-input MuiInputBase-inputMultiline css-w4nesw-MuiInputBase-input-MuiOutlinedInput-input"
                  readonly=""
                  style="visibility: hidden; position: absolute; overflow: hidden; height: 0px; top: 0px; left: 0px; transform: translateZ(0); padding-top: 0px; padding-bottom: 0px; width: 100%;"
                  tabindex="-1"
                />
                <fieldset
                  aria-hidden="true"
                  class="MuiOutlinedInput-notchedOutline css-18p5xg2-MuiNotchedOutlined-root-MuiOutlinedInput-notchedOutline"
                >
                  <legend
                    class="css-1n64csd-MuiNotchedOutlined-root"
                  >
                    <span>
                      Materiali Impiegati
                    </span>
                  </legend>
                </fieldset>
              </div>
            </div>
          </div>
        </div>
      </div>
      <div
        class="MuiPaper-root MuiPaper-outlined MuiPaper-rounded css-1d461dr-MuiPaper-root"
      >
        <div
          class="MuiTypography-root MuiTypography-h6 MuiTypography-gutterBottom css-1uchf3r-MuiTypography-root"
        >
          Firma Cliente
        </div>
        <div
          spacing="3"
        >
          <div
            size="12"
          >
            <button
              class="MuiButtonBase-root MuiButton-root MuiButton-outlined MuiButton-outlinedPrimary MuiButton-sizeMedium MuiButton-outlinedSizeMedium MuiButton-colorPrimary MuiButton-fullWidth css-178ch99-MuiButtonBase-root-MuiButton-root"
              tabindex="0"
              type="button"
            >
              <span
                class="MuiButton-icon MuiButton-startIcon MuiButton-iconSizeMedium css-1sh91j5-MuiButton-startIcon"
              >
                <svg
                  aria-hidden="true"
                  class="MuiSvgIcon-root MuiSvgIcon-fontSizeMedium css-1umw9bq-MuiSvgIcon-root"
                  data-testid="BorderColorIcon"
                  focusable="false"
                  viewBox="0 0 24 24"
                >
                  <path
                    d="M22 24H2v-4h20zM13.06 5.19l3.75 3.75L7.75 18H4v-3.75zm4.82 2.68-3.75-3.75 1.83-1.83c.39-.39 1.02-.39 1.41 0l2.34 2.34c.39.39.39 1.02 0 1.41z"
                  />
                </svg>
              </span>
              Aggiungi Firma Cliente
            </button>
          </div>
        </div>
      </div>
      <div
        class="MuiBox-root css-ku0b5b"
        id="action-buttons"
      >
        <button
          class="MuiButtonBase-root MuiButton-root MuiButton-outlined MuiButton-outlinedPrimary MuiButton-sizeMedium MuiButton-outlinedSizeMedium MuiButton-colorPrimary css-1blvszr-MuiButtonBase-root-MuiButton-root"
          tabindex="0"
          type="button"
        >
          Annulla
        </button>
        <button
          class="MuiButtonBase-root MuiButton-root MuiButton-contained MuiButton-containedPrimary MuiButton-sizeMedium MuiButton-containedSizeMedium MuiButton-colorPrimary css-74d805-MuiButtonBase-root-MuiButton-root"
          tabindex="0"
          type="button"
        >
          Salva
        </button>
      </div>
    </div>
  </div>
</div>
`;
