// Vitest Snapshot v1, https://vitest.dev/guide/snapshot.html

exports[`ReportFormPage > dovrebbe corrispondere allo snapshot nello stato iniziale 1`] = `
<div>
  <div
    class="MuiBox-root css-1ag000n"
  >
    <div
      class="MuiPaper-root MuiPaper-elevation MuiPaper-rounded MuiPaper-elevation3 css-14qx081-MuiPaper-root"
      style="--Paper-shadow: 0px 3px 3px -2px rgba(0,0,0,0.2),0px 3px 4px 0px rgba(0,0,0,0.14),0px 1px 8px 0px rgba(0,0,0,0.12); --Paper-overlay: linear-gradient(rgba(255, 255, 255, 0.082), rgba(255, 255, 255, 0.082));"
    >
      <div
        class="MuiBox-root css-gkyft6"
      >
        <h1
          class="MuiTypography-root MuiTypography-h4 css-1h0dqxm-MuiTypography-root"
        >
          Tecnologie Industriali Navali
        </h1>
        <h2
          class="MuiTypography-root MuiTypography-h6 css-1miy0lu-MuiTypography-root"
        >
          Report Intervento
        </h2>
      </div>
      <div
        class="MuiPaper-root MuiPaper-outlined MuiPaper-rounded css-182pp5c-MuiPaper-root"
      >
        <div
          class="MuiTypography-root MuiTypography-h6 MuiTypography-gutterBottom css-1xld7xd-MuiTypography-root"
        >
          Dati Principali
        </div>
        <div
          class="MuiGrid-root MuiGrid-container MuiGrid-direction-xs-row MuiGrid-spacing-xs-3 css-xjn38n-MuiGrid-root"
        >
          <div
            class="MuiGrid-root MuiGrid-direction-xs-row MuiGrid-grid-xs-12 css-yqiqnf-MuiGrid-root"
          >
            <label
              class="MuiFormControlLabel-root MuiFormControlLabel-labelPlacementEnd css-195ii7s-MuiFormControlLabel-root"
            >
              <span
                class="MuiSwitch-root MuiSwitch-sizeMedium css-rehya9-MuiSwitch-root"
              >
                <span
                  class="MuiButtonBase-root MuiSwitch-switchBase MuiSwitch-colorPrimary PrivateSwitchBase-root MuiSwitch-switchBase MuiSwitch-colorPrimary css-1iuadv9-MuiButtonBase-root-MuiSwitchBase-root-MuiSwitch-switchBase"
                >
                  <input
                    class="PrivateSwitchBase-input MuiSwitch-input css-12xagqm-MuiSwitchBase-root"
                    role="switch"
                    type="checkbox"
                  />
                  <span
                    class="MuiSwitch-thumb css-1mw77bv-MuiSwitch-thumb"
                  />
                </span>
                <span
                  class="MuiSwitch-track css-x1umlq-MuiSwitch-track"
                />
              </span>
              <span
                class="MuiTypography-root MuiTypography-body1 MuiFormControlLabel-label css-5xyv7w-MuiTypography-root"
              >
                Crea per più giorni (solo Ferie/Malattia)
              </span>
            </label>
          </div>
          <div
            class="MuiGrid-root MuiGrid-direction-xs-row MuiGrid-grid-xs-12 MuiGrid-grid-md-12 css-1wj9vbk-MuiGrid-root"
          >
            <div
              class="MuiFormControl-root MuiPickersTextField-root css-1l2oov0-MuiFormControl-root-MuiPickersTextField-root"
            >
              <label
                class="MuiFormLabel-root MuiInputLabel-root MuiInputLabel-formControl MuiInputLabel-animated MuiInputLabel-shrink MuiInputLabel-outlined MuiFormLabel-colorPrimary MuiFormLabel-filled MuiInputLabel-root MuiInputLabel-formControl MuiInputLabel-animated MuiInputLabel-shrink MuiInputLabel-outlined css-v8c8kh-MuiFormLabel-root-MuiInputLabel-root"
                data-shrink="true"
                for="_r_1_"
                id="_r_1_-label"
              >
                Data
              </label>
              <div
                aria-invalid="false"
                aria-labelledby="_r_1_-label"
                class="MuiPickersInputBase-root MuiPickersOutlinedInput-root MuiPickersInputBase-colorPrimary MuiPickersInputBase-adornedEnd css-1gnryso-MuiPickersInputBase-root-MuiPickersOutlinedInput-root"
                role="group"
              >
                <div
                  class="MuiPickersSectionList-root MuiPickersInputBase-sectionsContainer css-1fb7els-MuiPickersSectionList-root-MuiPickersInputBase-sectionsContainer-MuiPickersOutlinedInput-sectionsContainer"
                  contenteditable="false"
                  tabindex="0"
                >
                  <span
                    class="MuiPickersSectionList-section css-joz0rk-MuiPickersSectionList-section-MuiPickersInputBase-section"
                    data-sectionindex="0"
                  >
                    <span
                      class="MuiPickersInputBase-sectionBefore css-w1q93y-MuiPickersSectionList-sectionSeparator-MuiPickersInputBase-separator"
                    />
                    <span
                      aria-disabled="false"
                      aria-label="Day"
                      aria-readonly="false"
                      aria-valuemax="31"
                      aria-valuemin="1"
                      aria-valuenow="27"
                      aria-valuetext="27"
                      autocapitalize="none"
                      autocorrect="off"
                      class="MuiPickersSectionList-sectionContent MuiPickersInputBase-sectionContent css-1jpopwz-MuiPickersSectionList-sectionContent-MuiPickersInputBase-sectionContent"
                      contenteditable="true"
                      inputmode="numeric"
                      role="spinbutton"
                      spellcheck="false"
                      tabindex="0"
                    >
                      27
                    </span>
                    <span
                      class="MuiPickersInputBase-sectionAfter css-w1q93y-MuiPickersSectionList-sectionSeparator-MuiPickersInputBase-separator"
                    >
                      /
                    </span>
                  </span>
                  <span
                    class="MuiPickersSectionList-section css-joz0rk-MuiPickersSectionList-section-MuiPickersInputBase-section"
                    data-sectionindex="1"
                  >
                    <span
                      class="MuiPickersInputBase-sectionBefore css-w1q93y-MuiPickersSectionList-sectionSeparator-MuiPickersInputBase-separator"
                    />
                    <span
                      aria-disabled="false"
                      aria-label="Month"
                      aria-readonly="false"
                      aria-valuemax="12"
                      aria-valuemin="1"
                      aria-valuenow="10"
                      aria-valuetext="ottobre"
                      autocapitalize="none"
                      autocorrect="off"
                      class="MuiPickersSectionList-sectionContent MuiPickersInputBase-sectionContent css-1jpopwz-MuiPickersSectionList-sectionContent-MuiPickersInputBase-sectionContent"
                      contenteditable="true"
                      inputmode="numeric"
                      role="spinbutton"
                      spellcheck="false"
                      tabindex="-1"
                    >
                      10
                    </span>
                    <span
                      class="MuiPickersInputBase-sectionAfter css-w1q93y-MuiPickersSectionList-sectionSeparator-MuiPickersInputBase-separator"
                    >
                      /
                    </span>
                  </span>
                  <span
                    class="MuiPickersSectionList-section css-joz0rk-MuiPickersSectionList-section-MuiPickersInputBase-section"
                    data-sectionindex="2"
                  >
                    <span
                      class="MuiPickersInputBase-sectionBefore css-w1q93y-MuiPickersSectionList-sectionSeparator-MuiPickersInputBase-separator"
                    />
                    <span
                      aria-disabled="false"
                      aria-label="Year"
                      aria-readonly="false"
                      aria-valuemax="9999"
                      aria-valuemin="0"
                      aria-valuenow="2023"
                      autocapitalize="none"
                      autocorrect="off"
                      class="MuiPickersSectionList-sectionContent MuiPickersInputBase-sectionContent css-1jpopwz-MuiPickersSectionList-sectionContent-MuiPickersInputBase-sectionContent"
                      contenteditable="true"
                      inputmode="numeric"
                      role="spinbutton"
                      spellcheck="false"
                      tabindex="-1"
                    >
                      2023
                    </span>
                    <span
                      class="MuiPickersInputBase-sectionAfter css-w1q93y-MuiPickersSectionList-sectionSeparator-MuiPickersInputBase-separator"
                    />
                  </span>
                </div>
                <div
                  class="MuiInputAdornment-root MuiInputAdornment-positionEnd MuiInputAdornment-outlined MuiInputAdornment-sizeMedium css-z53khj-MuiInputAdornment-root"
                >
                  <button
                    aria-label="Choose date, selected date is 27 ott 2023"
                    class="MuiButtonBase-root MuiIconButton-root MuiIconButton-edgeEnd MuiIconButton-sizeMedium css-v370od-MuiButtonBase-root-MuiIconButton-root"
                    tabindex="0"
                    type="button"
                  >
                    <svg
                      aria-hidden="true"
                      class="MuiSvgIcon-root MuiSvgIcon-fontSizeMedium css-1umw9bq-MuiSvgIcon-root"
                      data-testid="CalendarIcon"
                      focusable="false"
                      viewBox="0 0 24 24"
                    >
                      <path
                        d="M17 12h-5v5h5v-5zM16 1v2H8V1H6v2H5c-1.11 0-1.99.9-1.99 2L3 19c0 1.1.89 2 2 2h14c1.1 0 2-.9 2-2V5c0-1.1-.9-2-2-2h-1V1h-2zm3 18H5V8h14v11z"
                      />
                    </svg>
                  </button>
                </div>
                <fieldset
                  aria-hidden="true"
                  class="MuiPickersOutlinedInput-notchedOutline css-1g73m9o-MuiPickersOutlinedInput-notchedOutline"
                >
                  <legend
                    class="css-kg5swy"
                  >
                    <span
                      class="css-w48gsk"
                    >
                      Data
                    </span>
                  </legend>
                </fieldset>
                <input
                  aria-hidden="true"
                  class="MuiPickersInputBase-input MuiPickersOutlinedInput-input css-31lcvl-MuiPickersInputBase-input"
                  id="_r_1_"
                  tabindex="-1"
                  value="27/10/2023"
                />
              </div>
            </div>
          </div>
          <div
            class="MuiGrid-root MuiGrid-direction-xs-row MuiGrid-grid-xs-12 MuiGrid-grid-md-6 css-204a8q-MuiGrid-root"
          >
            <div
              class="MuiFormControl-root MuiFormControl-fullWidth MuiTextField-root css-cmpglg-MuiFormControl-root-MuiTextField-root"
            >
              <label
                class="MuiFormLabel-root MuiInputLabel-root MuiInputLabel-formControl MuiInputLabel-animated MuiInputLabel-shrink MuiInputLabel-outlined MuiFormLabel-colorPrimary Mui-disabled MuiFormLabel-filled MuiInputLabel-root MuiInputLabel-formControl MuiInputLabel-animated MuiInputLabel-shrink MuiInputLabel-outlined css-v8c8kh-MuiFormLabel-root-MuiInputLabel-root"
                data-shrink="true"
                for="_r_4_"
                id="_r_4_-label"
              >
                Tecnico Responsabile
              </label>
              <div
                class="MuiInputBase-root MuiOutlinedInput-root MuiInputBase-colorPrimary Mui-disabled MuiInputBase-fullWidth MuiInputBase-formControl css-1jbefv5-MuiInputBase-root-MuiOutlinedInput-root"
              >
                <input
                  aria-invalid="false"
                  class="MuiInputBase-input MuiOutlinedInput-input Mui-disabled css-j3jqhj-MuiInputBase-input-MuiOutlinedInput-input"
                  disabled=""
                  id="_r_4_"
                  type="text"
                  value="Test User"
                />
                <fieldset
                  aria-hidden="true"
                  class="MuiOutlinedInput-notchedOutline css-vy4cj6-MuiNotchedOutlined-root-MuiOutlinedInput-notchedOutline"
                >
                  <legend
                    class="css-ex8a5f-MuiNotchedOutlined-root"
                  >
                    <span>
                      Tecnico Responsabile
                    </span>
                  </legend>
                </fieldset>
              </div>
            </div>
          </div>
          <div
            class="MuiGrid-root MuiGrid-direction-xs-row MuiGrid-grid-xs-12 MuiGrid-grid-md-6 css-204a8q-MuiGrid-root"
          >
            <div
              class="MuiFormControl-root MuiFormControl-fullWidth css-ytlejw-MuiFormControl-root"
            >
              <label
                class="MuiFormLabel-root MuiInputLabel-root MuiInputLabel-formControl MuiInputLabel-animated MuiInputLabel-shrink MuiInputLabel-outlined MuiFormLabel-colorPrimary MuiFormLabel-filled Mui-required MuiInputLabel-root MuiInputLabel-formControl MuiInputLabel-animated MuiInputLabel-shrink MuiInputLabel-outlined css-v8c8kh-MuiFormLabel-root-MuiInputLabel-root"
                data-shrink="true"
                id="tipo-giornata-label"
              >
                Tipo Giornata
                <span
                  aria-hidden="true"
                  class="MuiFormLabel-asterisk MuiInputLabel-asterisk css-mzcsug-MuiFormLabel-asterisk"
                >
                   
                  *
                </span>
              </label>
              <div
                class="MuiInputBase-root MuiOutlinedInput-root MuiInputBase-colorPrimary MuiInputBase-formControl MuiSelect-root css-wl3qnd-MuiInputBase-root-MuiOutlinedInput-root-MuiSelect-root"
              >
                <div
                  aria-expanded="false"
                  aria-haspopup="listbox"
                  aria-labelledby="tipo-giornata-label tipo-giornata-select"
                  aria-required="true"
                  class="MuiSelect-select MuiSelect-outlined MuiInputBase-input MuiOutlinedInput-input css-i4eisb-MuiNativeSelect-root-MuiSelect-select-MuiInputBase-input-MuiOutlinedInput-input"
                  id="tipo-giornata-select"
                  role="combobox"
                  tabindex="0"
                >
                  Ordinaria
                </div>
                <input
                  aria-hidden="true"
                  aria-invalid="false"
                  class="MuiSelect-nativeInput css-j0riat-MuiSelect-nativeInput"
                  required=""
                  tabindex="-1"
                  value="tg1"
                />
                <svg
                  aria-hidden="true"
                  class="MuiSvgIcon-root MuiSvgIcon-fontSizeMedium MuiSelect-icon MuiSelect-iconOutlined css-1jontv8-MuiSvgIcon-root-MuiNativeSelect-root-MuiSelect-icon"
                  data-testid="ArrowDropDownIcon"
                  focusable="false"
                  viewBox="0 0 24 24"
                >
                  <path
                    d="M7 10l5 5 5-5z"
                  />
                </svg>
                <fieldset
                  aria-hidden="true"
                  class="MuiOutlinedInput-notchedOutline css-vy4cj6-MuiNotchedOutlined-root-MuiOutlinedInput-notchedOutline"
                >
                  <legend
                    class="css-ex8a5f-MuiNotchedOutlined-root"
                  >
                    <span>
                      Tipo Giornata
                       
                      *
                    </span>
                  </legend>
                </fieldset>
              </div>
            </div>
            <label
              class="MuiFormControlLabel-root MuiFormControlLabel-labelPlacementEnd css-195ii7s-MuiFormControlLabel-root"
            >
              <span
                class="MuiSwitch-root MuiSwitch-sizeMedium css-rehya9-MuiSwitch-root"
              >
                <span
                  class="MuiButtonBase-root MuiSwitch-switchBase MuiSwitch-colorPrimary PrivateSwitchBase-root MuiSwitch-switchBase MuiSwitch-colorPrimary css-1iuadv9-MuiButtonBase-root-MuiSwitchBase-root-MuiSwitch-switchBase"
                >
                  <input
                    class="PrivateSwitchBase-input MuiSwitch-input css-12xagqm-MuiSwitchBase-root"
                    role="switch"
                    type="checkbox"
                  />
                  <span
                    class="MuiSwitch-thumb css-1mw77bv-MuiSwitch-thumb"
                  />
                </span>
                <span
                  class="MuiSwitch-track css-x1umlq-MuiSwitch-track"
                />
              </span>
              <span
                class="MuiTypography-root MuiTypography-body1 MuiFormControlLabel-label css-5xyv7w-MuiTypography-root"
              >
                Aggiungi Trasferta
              </span>
            </label>
          </div>
        </div>
      </div>
      <div
        class="MuiPaper-root MuiPaper-outlined MuiPaper-rounded css-182pp5c-MuiPaper-root"
      >
        <div
          class="MuiTypography-root MuiTypography-h6 MuiTypography-gutterBottom css-1xld7xd-MuiTypography-root"
        >
          Tecnici Coinvolti
        </div>
        <div
          class="MuiGrid-root MuiGrid-container MuiGrid-direction-xs-row MuiGrid-spacing-xs-3 css-xjn38n-MuiGrid-root"
        >
          <div
            class="MuiGrid-root MuiGrid-direction-xs-row MuiGrid-grid-xs-12 css-yqiqnf-MuiGrid-root"
          >
            <div
              class="MuiBox-root css-hg112w"
            >
              <h6
                class="MuiTypography-root MuiTypography-h6 MuiTypography-gutterBottom css-1wmifpn-MuiTypography-root"
              >
                Dettaglio Orario Scrivente
              </h6>
              <div
                class="MuiGrid-root MuiGrid-container MuiGrid-direction-xs-row MuiGrid-spacing-xs-2 css-1ml2njy-MuiGrid-root"
              >
                <div
                  class="MuiGrid-root MuiGrid-direction-xs-row MuiGrid-grid-xs-12 css-yqiqnf-MuiGrid-root"
                >
                  <label
                    class="MuiFormControlLabel-root MuiFormControlLabel-labelPlacementEnd css-195ii7s-MuiFormControlLabel-root"
                  >
                    <span
                      class="MuiSwitch-root MuiSwitch-sizeMedium css-rehya9-MuiSwitch-root"
                    >
                      <span
                        class="MuiButtonBase-root MuiSwitch-switchBase MuiSwitch-colorPrimary PrivateSwitchBase-root MuiSwitch-switchBase MuiSwitch-colorPrimary css-1iuadv9-MuiButtonBase-root-MuiSwitchBase-root-MuiSwitch-switchBase"
                      >
                        <input
                          class="PrivateSwitchBase-input MuiSwitch-input css-12xagqm-MuiSwitchBase-root"
                          role="switch"
                          type="checkbox"
                        />
                        <span
                          class="MuiSwitch-thumb css-1mw77bv-MuiSwitch-thumb"
                        />
                      </span>
                      <span
                        class="MuiSwitch-track css-x1umlq-MuiSwitch-track"
                      />
                    </span>
                    <span
                      class="MuiTypography-root MuiTypography-body1 MuiFormControlLabel-label css-5xyv7w-MuiTypography-root"
                    >
                      Inserimento Ore Manuale
                    </span>
                  </label>
                </div>
                <div
                  class="MuiGrid-root MuiGrid-direction-xs-row MuiGrid-grid-xs-12 MuiGrid-grid-sm-6 MuiGrid-grid-md-4 css-h3cks1-MuiGrid-root"
                >
                  <div
                    class="MuiFormControl-root MuiFormControl-fullWidth css-ytlejw-MuiFormControl-root"
                  >
                    <label
                      class="MuiFormLabel-root MuiInputLabel-root MuiInputLabel-formControl MuiInputLabel-animated MuiInputLabel-outlined MuiFormLabel-colorPrimary MuiInputLabel-root MuiInputLabel-formControl MuiInputLabel-animated MuiInputLabel-outlined css-bux1o3-MuiFormLabel-root-MuiInputLabel-root"
                      data-shrink="false"
                      id="_r_6_-ora-inizio-label"
                    >
                      Ora Inizio
                    </label>
                    <div
                      class="MuiInputBase-root MuiOutlinedInput-root MuiInputBase-colorPrimary MuiInputBase-formControl MuiSelect-root css-wl3qnd-MuiInputBase-root-MuiOutlinedInput-root-MuiSelect-root"
                    >
                      <div
                        aria-expanded="false"
                        aria-haspopup="listbox"
                        aria-labelledby="_r_6_-ora-inizio-label"
                        class="MuiSelect-select MuiSelect-outlined MuiInputBase-input MuiOutlinedInput-input css-i4eisb-MuiNativeSelect-root-MuiSelect-select-MuiInputBase-input-MuiOutlinedInput-input"
                        role="combobox"
                        tabindex="0"
                      >
                        <span
                          aria-hidden="true"
                          class="notranslate"
                        >
                          ​
                        </span>
                      </div>
                      <input
                        aria-hidden="true"
                        aria-invalid="false"
                        class="MuiSelect-nativeInput css-j0riat-MuiSelect-nativeInput"
                        tabindex="-1"
                        value=""
                      />
                      <svg
                        aria-hidden="true"
                        class="MuiSvgIcon-root MuiSvgIcon-fontSizeMedium MuiSelect-icon MuiSelect-iconOutlined css-1jontv8-MuiSvgIcon-root-MuiNativeSelect-root-MuiSelect-icon"
                        data-testid="ArrowDropDownIcon"
                        focusable="false"
                        viewBox="0 0 24 24"
                      >
                        <path
                          d="M7 10l5 5 5-5z"
                        />
                      </svg>
                      <fieldset
                        aria-hidden="true"
                        class="MuiOutlinedInput-notchedOutline css-vy4cj6-MuiNotchedOutlined-root-MuiOutlinedInput-notchedOutline"
                      >
                        <legend
                          class="css-1n64csd-MuiNotchedOutlined-root"
                        >
                          <span>
                            Ora Inizio
                          </span>
                        </legend>
                      </fieldset>
                    </div>
                  </div>
                </div>
                <div
                  class="MuiGrid-root MuiGrid-direction-xs-row MuiGrid-grid-xs-12 MuiGrid-grid-sm-6 MuiGrid-grid-md-4 css-h3cks1-MuiGrid-root"
                >
                  <div
                    class="MuiFormControl-root MuiFormControl-fullWidth css-ytlejw-MuiFormControl-root"
                  >
                    <label
                      class="MuiFormLabel-root MuiInputLabel-root MuiInputLabel-formControl MuiInputLabel-animated MuiInputLabel-outlined MuiFormLabel-colorPrimary MuiInputLabel-root MuiInputLabel-formControl MuiInputLabel-animated MuiInputLabel-outlined css-bux1o3-MuiFormLabel-root-MuiInputLabel-root"
                      data-shrink="false"
                      id="_r_6_-ora-fine-label"
                    >
                      Ora Fine
                    </label>
                    <div
                      class="MuiInputBase-root MuiOutlinedInput-root MuiInputBase-colorPrimary MuiInputBase-formControl MuiSelect-root css-wl3qnd-MuiInputBase-root-MuiOutlinedInput-root-MuiSelect-root"
                    >
                      <div
                        aria-expanded="false"
                        aria-haspopup="listbox"
                        aria-labelledby="_r_6_-ora-fine-label"
                        class="MuiSelect-select MuiSelect-outlined MuiInputBase-input MuiOutlinedInput-input css-i4eisb-MuiNativeSelect-root-MuiSelect-select-MuiInputBase-input-MuiOutlinedInput-input"
                        role="combobox"
                        tabindex="0"
                      >
                        <span
                          aria-hidden="true"
                          class="notranslate"
                        >
                          ​
                        </span>
                      </div>
                      <input
                        aria-hidden="true"
                        aria-invalid="false"
                        class="MuiSelect-nativeInput css-j0riat-MuiSelect-nativeInput"
                        tabindex="-1"
                        value=""
                      />
                      <svg
                        aria-hidden="true"
                        class="MuiSvgIcon-root MuiSvgIcon-fontSizeMedium MuiSelect-icon MuiSelect-iconOutlined css-1jontv8-MuiSvgIcon-root-MuiNativeSelect-root-MuiSelect-icon"
                        data-testid="ArrowDropDownIcon"
                        focusable="false"
                        viewBox="0 0 24 24"
                      >
                        <path
                          d="M7 10l5 5 5-5z"
                        />
                      </svg>
                      <fieldset
                        aria-hidden="true"
                        class="MuiOutlinedInput-notchedOutline css-vy4cj6-MuiNotchedOutlined-root-MuiOutlinedInput-notchedOutline"
                      >
                        <legend
                          class="css-1n64csd-MuiNotchedOutlined-root"
                        >
                          <span>
                            Ora Fine
                          </span>
                        </legend>
                      </fieldset>
                    </div>
                  </div>
                </div>
                <div
                  class="MuiGrid-root MuiGrid-direction-xs-row MuiGrid-grid-xs-12 MuiGrid-grid-sm-12 MuiGrid-grid-md-4 css-s6c5hx-MuiGrid-root"
                >
                  <div
                    class="MuiFormControl-root MuiFormControl-fullWidth css-ytlejw-MuiFormControl-root"
                  >
                    <label
                      class="MuiFormLabel-root MuiInputLabel-root MuiInputLabel-formControl MuiInputLabel-animated MuiInputLabel-outlined MuiFormLabel-colorPrimary MuiInputLabel-root MuiInputLabel-formControl MuiInputLabel-animated MuiInputLabel-outlined css-bux1o3-MuiFormLabel-root-MuiInputLabel-root"
                      data-shrink="false"
                      id="_r_6_-pausa-label"
                    >
                      Pausa (min)
                    </label>
                    <div
                      class="MuiInputBase-root MuiOutlinedInput-root MuiInputBase-colorPrimary MuiInputBase-formControl MuiSelect-root css-wl3qnd-MuiInputBase-root-MuiOutlinedInput-root-MuiSelect-root"
                    >
                      <div
                        aria-expanded="false"
                        aria-haspopup="listbox"
                        aria-labelledby="_r_6_-pausa-label"
                        class="MuiSelect-select MuiSelect-outlined MuiInputBase-input MuiOutlinedInput-input css-i4eisb-MuiNativeSelect-root-MuiSelect-select-MuiInputBase-input-MuiOutlinedInput-input"
                        role="combobox"
                        tabindex="0"
                      >
                        <span
                          aria-hidden="true"
                          class="notranslate"
                        >
                          ​
                        </span>
                      </div>
                      <input
                        aria-hidden="true"
                        aria-invalid="false"
                        class="MuiSelect-nativeInput css-j0riat-MuiSelect-nativeInput"
                        tabindex="-1"
                        value=""
                      />
                      <svg
                        aria-hidden="true"
                        class="MuiSvgIcon-root MuiSvgIcon-fontSizeMedium MuiSelect-icon MuiSelect-iconOutlined css-1jontv8-MuiSvgIcon-root-MuiNativeSelect-root-MuiSelect-icon"
                        data-testid="ArrowDropDownIcon"
                        focusable="false"
                        viewBox="0 0 24 24"
                      >
                        <path
                          d="M7 10l5 5 5-5z"
                        />
                      </svg>
                      <fieldset
                        aria-hidden="true"
                        class="MuiOutlinedInput-notchedOutline css-vy4cj6-MuiNotchedOutlined-root-MuiOutlinedInput-notchedOutline"
                      >
                        <legend
                          class="css-1n64csd-MuiNotchedOutlined-root"
                        >
                          <span>
                            Pausa (min)
                          </span>
                        </legend>
                      </fieldset>
                    </div>
                  </div>
                </div>
              </div>
            </div>
          </div>
          <div
            class="MuiGrid-root MuiGrid-direction-xs-row MuiGrid-grid-xs-12 css-yqiqnf-MuiGrid-root"
          >
            <div
              class="MuiAutocomplete-root MuiAutocomplete-hasPopupIcon css-o5oj2-MuiAutocomplete-root"
            >
              <div
                class="MuiFormControl-root MuiFormControl-fullWidth MuiTextField-root css-cmpglg-MuiFormControl-root-MuiTextField-root"
              >
                <label
                  class="MuiFormLabel-root MuiInputLabel-root MuiInputLabel-formControl MuiInputLabel-animated MuiInputLabel-outlined MuiFormLabel-colorPrimary MuiInputLabel-root MuiInputLabel-formControl MuiInputLabel-animated MuiInputLabel-outlined css-bux1o3-MuiFormLabel-root-MuiInputLabel-root"
                  data-shrink="false"
                  for="_r_a_"
                  id="_r_a_-label"
                >
                  Aggiungi altri tecnici
                </label>
                <div
                  class="MuiInputBase-root MuiOutlinedInput-root MuiInputBase-colorPrimary MuiInputBase-fullWidth MuiInputBase-formControl MuiInputBase-adornedEnd MuiAutocomplete-inputRoot css-1hsc3cy-MuiInputBase-root-MuiOutlinedInput-root"
                >
                  <input
                    aria-autocomplete="list"
                    aria-expanded="false"
                    aria-invalid="false"
                    autocapitalize="none"
                    autocomplete="off"
                    class="MuiInputBase-input MuiOutlinedInput-input MuiInputBase-inputAdornedEnd MuiAutocomplete-input MuiAutocomplete-inputFocused css-8a1qk4-MuiInputBase-input-MuiOutlinedInput-input"
                    id="_r_a_"
                    role="combobox"
                    spellcheck="false"
                    type="text"
                    value=""
                  />
                  <div
                    class="MuiAutocomplete-endAdornment css-1uhhrmm-MuiAutocomplete-endAdornment"
                  >
                    <button
                      aria-label="Open"
                      class="MuiButtonBase-root MuiIconButton-root MuiIconButton-sizeMedium MuiAutocomplete-popupIndicator css-18zhx8o-MuiButtonBase-root-MuiIconButton-root-MuiAutocomplete-popupIndicator"
                      tabindex="-1"
                      title="Open"
                      type="button"
                    >
                      <svg
                        aria-hidden="true"
                        class="MuiSvgIcon-root MuiSvgIcon-fontSizeMedium css-1umw9bq-MuiSvgIcon-root"
                        data-testid="ArrowDropDownIcon"
                        focusable="false"
                        viewBox="0 0 24 24"
                      >
                        <path
                          d="M7 10l5 5 5-5z"
                        />
                      </svg>
                    </button>
                  </div>
                  <fieldset
                    aria-hidden="true"
                    class="MuiOutlinedInput-notchedOutline css-vy4cj6-MuiNotchedOutlined-root-MuiOutlinedInput-notchedOutline"
                  >
                    <legend
                      class="css-1n64csd-MuiNotchedOutlined-root"
                    >
                      <span>
                        Aggiungi altri tecnici
                      </span>
                    </legend>
                  </fieldset>
                </div>
              </div>
            </div>
          </div>
        </div>
      </div>
      <div
        class="MuiPaper-root MuiPaper-outlined MuiPaper-rounded css-182pp5c-MuiPaper-root"
      >
        <div
          class="MuiTypography-root MuiTypography-h6 MuiTypography-gutterBottom css-1xld7xd-MuiTypography-root"
        >
          Dettagli Intervento
        </div>
        <div
          class="MuiGrid-root MuiGrid-container MuiGrid-direction-xs-row MuiGrid-spacing-xs-3 css-xjn38n-MuiGrid-root"
        >
          <div
            class="MuiGrid-root MuiGrid-direction-xs-row MuiGrid-grid-xs-12 MuiGrid-grid-md-6 css-204a8q-MuiGrid-root"
          >
            <div
              class="MuiFormControl-root MuiFormControl-fullWidth css-ytlejw-MuiFormControl-root"
            >
              <label
                class="MuiFormLabel-root MuiInputLabel-root MuiInputLabel-formControl MuiInputLabel-animated MuiInputLabel-shrink MuiInputLabel-outlined MuiFormLabel-colorPrimary MuiFormLabel-filled Mui-required MuiInputLabel-root MuiInputLabel-formControl MuiInputLabel-animated MuiInputLabel-shrink MuiInputLabel-outlined css-v8c8kh-MuiFormLabel-root-MuiInputLabel-root"
                data-shrink="true"
                id="nave-label"
              >
                Nave
                <span
                  aria-hidden="true"
                  class="MuiFormLabel-asterisk MuiInputLabel-asterisk css-mzcsug-MuiFormLabel-asterisk"
                >
                   
                  *
                </span>
              </label>
              <div
                class="MuiInputBase-root MuiOutlinedInput-root MuiInputBase-colorPrimary MuiInputBase-formControl MuiSelect-root css-wl3qnd-MuiInputBase-root-MuiOutlinedInput-root-MuiSelect-root"
              >
                <div
                  aria-expanded="false"
                  aria-haspopup="listbox"
                  aria-labelledby="nave-label"
                  aria-required="true"
                  class="MuiSelect-select MuiSelect-outlined MuiInputBase-input MuiOutlinedInput-input css-i4eisb-MuiNativeSelect-root-MuiSelect-select-MuiInputBase-input-MuiOutlinedInput-input"
                  role="combobox"
                  tabindex="0"
                >
                  <em>
                    Nessuna
                  </em>
                </div>
                <input
                  aria-hidden="true"
                  aria-invalid="false"
                  class="MuiSelect-nativeInput css-j0riat-MuiSelect-nativeInput"
                  required=""
                  tabindex="-1"
                  value="Nessuna"
                />
                <svg
                  aria-hidden="true"
                  class="MuiSvgIcon-root MuiSvgIcon-fontSizeMedium MuiSelect-icon MuiSelect-iconOutlined css-1jontv8-MuiSvgIcon-root-MuiNativeSelect-root-MuiSelect-icon"
                  data-testid="ArrowDropDownIcon"
                  focusable="false"
                  viewBox="0 0 24 24"
                >
                  <path
                    d="M7 10l5 5 5-5z"
                  />
                </svg>
                <fieldset
                  aria-hidden="true"
                  class="MuiOutlinedInput-notchedOutline css-vy4cj6-MuiNotchedOutlined-root-MuiOutlinedInput-notchedOutline"
                >
                  <legend
                    class="css-ex8a5f-MuiNotchedOutlined-root"
                  >
                    <span>
                      Nave
                       
                      *
                    </span>
                  </legend>
                </fieldset>
              </div>
            </div>
          </div>
          <div
            class="MuiGrid-root MuiGrid-direction-xs-row MuiGrid-grid-xs-12 MuiGrid-grid-md-6 css-204a8q-MuiGrid-root"
          >
            <div
              class="MuiFormControl-root MuiFormControl-fullWidth css-ytlejw-MuiFormControl-root"
            >
              <label
                class="MuiFormLabel-root MuiInputLabel-root MuiInputLabel-formControl MuiInputLabel-animated MuiInputLabel-shrink MuiInputLabel-outlined MuiFormLabel-colorPrimary MuiFormLabel-filled Mui-required MuiInputLabel-root MuiInputLabel-formControl MuiInputLabel-animated MuiInputLabel-shrink MuiInputLabel-outlined css-v8c8kh-MuiFormLabel-root-MuiInputLabel-root"
                data-shrink="true"
                id="luogo-label"
              >
                Luogo
                <span
                  aria-hidden="true"
                  class="MuiFormLabel-asterisk MuiInputLabel-asterisk css-mzcsug-MuiFormLabel-asterisk"
                >
                   
                  *
                </span>
              </label>
              <div
                class="MuiInputBase-root MuiOutlinedInput-root MuiInputBase-colorPrimary MuiInputBase-formControl MuiSelect-root css-wl3qnd-MuiInputBase-root-MuiOutlinedInput-root-MuiSelect-root"
              >
                <div
                  aria-expanded="false"
                  aria-haspopup="listbox"
                  aria-labelledby="luogo-label"
                  aria-required="true"
                  class="MuiSelect-select MuiSelect-outlined MuiInputBase-input MuiOutlinedInput-input css-i4eisb-MuiNativeSelect-root-MuiSelect-select-MuiInputBase-input-MuiOutlinedInput-input"
                  role="combobox"
                  tabindex="0"
                >
                  <em>
                    Nessuno
                  </em>
                </div>
                <input
                  aria-hidden="true"
                  aria-invalid="false"
                  class="MuiSelect-nativeInput css-j0riat-MuiSelect-nativeInput"
                  required=""
                  tabindex="-1"
                  value="Nessuno"
                />
                <svg
                  aria-hidden="true"
                  class="MuiSvgIcon-root MuiSvgIcon-fontSizeMedium MuiSelect-icon MuiSelect-iconOutlined css-1jontv8-MuiSvgIcon-root-MuiNativeSelect-root-MuiSelect-icon"
                  data-testid="ArrowDropDownIcon"
                  focusable="false"
                  viewBox="0 0 24 24"
                >
                  <path
                    d="M7 10l5 5 5-5z"
                  />
                </svg>
                <fieldset
                  aria-hidden="true"
                  class="MuiOutlinedInput-notchedOutline css-vy4cj6-MuiNotchedOutlined-root-MuiOutlinedInput-notchedOutline"
                >
                  <legend
                    class="css-ex8a5f-MuiNotchedOutlined-root"
                  >
                    <span>
                      Luogo
                       
                      *
                    </span>
                  </legend>
                </fieldset>
              </div>
            </div>
          </div>
          <div
            class="MuiGrid-root MuiGrid-direction-xs-row MuiGrid-grid-xs-12 css-yqiqnf-MuiGrid-root"
          >
            <div
              class="MuiFormControl-root MuiFormControl-fullWidth css-ytlejw-MuiFormControl-root"
            >
              <label
                class="MuiFormLabel-root MuiInputLabel-root MuiInputLabel-formControl MuiInputLabel-animated MuiInputLabel-shrink MuiInputLabel-outlined MuiFormLabel-colorPrimary MuiFormLabel-filled MuiInputLabel-root MuiInputLabel-formControl MuiInputLabel-animated MuiInputLabel-shrink MuiInputLabel-outlined css-v8c8kh-MuiFormLabel-root-MuiInputLabel-root"
                data-shrink="true"
                id="veicolo-label"
              >
                Veicolo
              </label>
              <div
                class="MuiInputBase-root MuiOutlinedInput-root MuiInputBase-colorPrimary MuiInputBase-formControl MuiSelect-root css-wl3qnd-MuiInputBase-root-MuiOutlinedInput-root-MuiSelect-root"
              >
                <div
                  aria-expanded="false"
                  aria-haspopup="listbox"
                  aria-labelledby="veicolo-label"
                  class="MuiSelect-select MuiSelect-outlined MuiInputBase-input MuiOutlinedInput-input css-i4eisb-MuiNativeSelect-root-MuiSelect-select-MuiInputBase-input-MuiOutlinedInput-input"
                  role="combobox"
                  tabindex="0"
                >
                  Nessuno
                </div>
                <input
                  aria-hidden="true"
                  aria-invalid="false"
                  class="MuiSelect-nativeInput css-j0riat-MuiSelect-nativeInput"
                  tabindex="-1"
                  value="Nessuno"
                />
                <svg
                  aria-hidden="true"
                  class="MuiSvgIcon-root MuiSvgIcon-fontSizeMedium MuiSelect-icon MuiSelect-iconOutlined css-1jontv8-MuiSvgIcon-root-MuiNativeSelect-root-MuiSelect-icon"
                  data-testid="ArrowDropDownIcon"
                  focusable="false"
                  viewBox="0 0 24 24"
                >
                  <path
                    d="M7 10l5 5 5-5z"
                  />
                </svg>
                <fieldset
                  aria-hidden="true"
                  class="MuiOutlinedInput-notchedOutline css-vy4cj6-MuiNotchedOutlined-root-MuiOutlinedInput-notchedOutline"
                >
                  <legend
                    class="css-ex8a5f-MuiNotchedOutlined-root"
                  >
                    <span>
                      Veicolo
                    </span>
                  </legend>
                </fieldset>
              </div>
            </div>
          </div>
          <div
            class="MuiGrid-root MuiGrid-direction-xs-row MuiGrid-grid-xs-12 css-yqiqnf-MuiGrid-root"
          >
            <div
              class="MuiFormControl-root MuiFormControl-fullWidth MuiTextField-root css-cmpglg-MuiFormControl-root-MuiTextField-root"
            >
              <label
                class="MuiFormLabel-root MuiInputLabel-root MuiInputLabel-formControl MuiInputLabel-animated MuiInputLabel-outlined MuiFormLabel-colorPrimary MuiInputLabel-root MuiInputLabel-formControl MuiInputLabel-animated MuiInputLabel-outlined css-bux1o3-MuiFormLabel-root-MuiInputLabel-root"
                data-shrink="false"
                for="_r_g_"
                id="_r_g_-label"
              >
                Breve Descrizione Lavoro
              </label>
              <div
                class="MuiInputBase-root MuiOutlinedInput-root MuiInputBase-colorPrimary MuiInputBase-fullWidth MuiInputBase-formControl css-1jbefv5-MuiInputBase-root-MuiOutlinedInput-root"
              >
                <input
                  aria-invalid="false"
                  class="MuiInputBase-input MuiOutlinedInput-input css-j3jqhj-MuiInputBase-input-MuiOutlinedInput-input"
                  id="_r_g_"
                  type="text"
                  value=""
                />
                <fieldset
                  aria-hidden="true"
                  class="MuiOutlinedInput-notchedOutline css-vy4cj6-MuiNotchedOutlined-root-MuiOutlinedInput-notchedOutline"
                >
                  <legend
                    class="css-1n64csd-MuiNotchedOutlined-root"
                  >
                    <span>
                      Breve Descrizione Lavoro
                    </span>
                  </legend>
                </fieldset>
              </div>
            </div>
          </div>
          <div
            class="MuiGrid-root MuiGrid-direction-xs-row MuiGrid-grid-xs-12 css-yqiqnf-MuiGrid-root"
          >
            <div
              class="MuiFormControl-root MuiFormControl-fullWidth MuiTextField-root css-cmpglg-MuiFormControl-root-MuiTextField-root"
            >
              <label
                class="MuiFormLabel-root MuiInputLabel-root MuiInputLabel-formControl MuiInputLabel-animated MuiInputLabel-outlined MuiFormLabel-colorPrimary MuiInputLabel-root MuiInputLabel-formControl MuiInputLabel-animated MuiInputLabel-outlined css-bux1o3-MuiFormLabel-root-MuiInputLabel-root"
                data-shrink="false"
                for="_r_h_"
                id="_r_h_-label"
              >
                Materiali Impiegati
              </label>
              <div
                class="MuiInputBase-root MuiOutlinedInput-root MuiInputBase-colorPrimary MuiInputBase-fullWidth MuiInputBase-formControl MuiInputBase-multiline css-1qgusd2-MuiInputBase-root-MuiOutlinedInput-root"
              >
                <textarea
                  aria-invalid="false"
                  class="MuiInputBase-input MuiOutlinedInput-input MuiInputBase-inputMultiline css-1h0x471-MuiInputBase-input-MuiOutlinedInput-input"
                  id="_r_h_"
                  rows="2"
                  style="height: 0px; overflow: hidden;"
                />
                <textarea
                  aria-hidden="true"
                  class="MuiInputBase-input MuiOutlinedInput-input MuiInputBase-inputMultiline css-1h0x471-MuiInputBase-input-MuiOutlinedInput-input"
                  readonly=""
                  style="visibility: hidden; position: absolute; overflow: hidden; height: 0px; top: 0px; left: 0px; transform: translateZ(0); padding-top: 0px; padding-bottom: 0px; width: 100%;"
                  tabindex="-1"
                />
                <fieldset
                  aria-hidden="true"
                  class="MuiOutlinedInput-notchedOutline css-vy4cj6-MuiNotchedOutlined-root-MuiOutlinedInput-notchedOutline"
                >
                  <legend
                    class="css-1n64csd-MuiNotchedOutlined-root"
                  >
                    <span>
                      Materiali Impiegati
                    </span>
                  </legend>
                </fieldset>
              </div>
            </div>
          </div>
          <div
            class="MuiGrid-root MuiGrid-direction-xs-row MuiGrid-grid-xs-12 css-yqiqnf-MuiGrid-root"
          >
            <div
              class="MuiFormControl-root MuiFormControl-fullWidth MuiTextField-root css-cmpglg-MuiFormControl-root-MuiTextField-root"
            >
              <label
                class="MuiFormLabel-root MuiInputLabel-root MuiInputLabel-formControl MuiInputLabel-animated MuiInputLabel-outlined MuiFormLabel-colorPrimary Mui-required MuiInputLabel-root MuiInputLabel-formControl MuiInputLabel-animated MuiInputLabel-outlined css-bux1o3-MuiFormLabel-root-MuiInputLabel-root"
                data-shrink="false"
                for="_r_i_"
                id="_r_i_-label"
              >
                Lavoro Eseguito
                <span
                  aria-hidden="true"
                  class="MuiFormLabel-asterisk MuiInputLabel-asterisk css-mzcsug-MuiFormLabel-asterisk"
                >
                   
                  *
                </span>
              </label>
              <div
                class="MuiInputBase-root MuiOutlinedInput-root MuiInputBase-colorPrimary MuiInputBase-fullWidth MuiInputBase-formControl MuiInputBase-multiline css-1qgusd2-MuiInputBase-root-MuiOutlinedInput-root"
              >
                <textarea
                  aria-invalid="false"
                  class="MuiInputBase-input MuiOutlinedInput-input MuiInputBase-inputMultiline css-1h0x471-MuiInputBase-input-MuiOutlinedInput-input"
                  id="_r_i_"
                  required=""
                  rows="4"
                  style="height: 0px; overflow: hidden;"
                />
                <textarea
                  aria-hidden="true"
                  class="MuiInputBase-input MuiOutlinedInput-input MuiInputBase-inputMultiline css-1h0x471-MuiInputBase-input-MuiOutlinedInput-input"
                  readonly=""
                  style="visibility: hidden; position: absolute; overflow: hidden; height: 0px; top: 0px; left: 0px; transform: translateZ(0); padding-top: 0px; padding-bottom: 0px; width: 100%;"
                  tabindex="-1"
                />
                <fieldset
                  aria-hidden="true"
                  class="MuiOutlinedInput-notchedOutline css-vy4cj6-MuiNotchedOutlined-root-MuiOutlinedInput-notchedOutline"
                >
                  <legend
                    class="css-1n64csd-MuiNotchedOutlined-root"
                  >
                    <span>
                      Lavoro Eseguito
                       
                      *
                    </span>
                  </legend>
                </fieldset>
              </div>
            </div>
          </div>
        </div>
      </div>
      <div
        class="MuiPaper-root MuiPaper-outlined MuiPaper-rounded css-182pp5c-MuiPaper-root"
      >
        <div
          class="MuiTypography-root MuiTypography-h6 MuiTypography-gutterBottom css-1xld7xd-MuiTypography-root"
        >
          Firma Cliente
        </div>
        <div
          class="MuiGrid-root MuiGrid-container MuiGrid-direction-xs-row MuiGrid-spacing-xs-3 css-xjn38n-MuiGrid-root"
        >
          <div
            class="MuiGrid-root MuiGrid-direction-xs-row MuiGrid-grid-xs-12 MuiGrid-grid-md-6 css-204a8q-MuiGrid-root"
          >
            <div
              class="MuiFormControl-root MuiFormControl-fullWidth MuiTextField-root css-cmpglg-MuiFormControl-root-MuiTextField-root"
            >
              <label
                class="MuiFormLabel-root MuiInputLabel-root MuiInputLabel-formControl MuiInputLabel-animated MuiInputLabel-outlined MuiFormLabel-colorPrimary Mui-required MuiInputLabel-root MuiInputLabel-formControl MuiInputLabel-animated MuiInputLabel-outlined css-bux1o3-MuiFormLabel-root-MuiInputLabel-root"
                data-shrink="false"
                for="_r_j_"
                id="_r_j_-label"
              >
                Nome e Cognome Firmatario
                <span
                  aria-hidden="true"
                  class="MuiFormLabel-asterisk MuiInputLabel-asterisk css-mzcsug-MuiFormLabel-asterisk"
                >
                   
                  *
                </span>
              </label>
              <div
                class="MuiInputBase-root MuiOutlinedInput-root MuiInputBase-colorPrimary MuiInputBase-fullWidth MuiInputBase-formControl css-1jbefv5-MuiInputBase-root-MuiOutlinedInput-root"
              >
                <input
                  aria-invalid="false"
                  class="MuiInputBase-input MuiOutlinedInput-input css-j3jqhj-MuiInputBase-input-MuiOutlinedInput-input"
                  id="_r_j_"
                  required=""
                  type="text"
                  value=""
                />
                <fieldset
                  aria-hidden="true"
                  class="MuiOutlinedInput-notchedOutline css-vy4cj6-MuiNotchedOutlined-root-MuiOutlinedInput-notchedOutline"
                >
                  <legend
                    class="css-1n64csd-MuiNotchedOutlined-root"
                  >
                    <span>
                      Nome e Cognome Firmatario
                       
                      *
                    </span>
                  </legend>
                </fieldset>
              </div>
            </div>
          </div>
          <div
            class="MuiGrid-root MuiGrid-direction-xs-row MuiGrid-grid-xs-12 MuiGrid-grid-md-6 css-204a8q-MuiGrid-root"
          >
            <div
              class="MuiFormControl-root MuiFormControl-fullWidth MuiTextField-root css-cmpglg-MuiFormControl-root-MuiTextField-root"
            >
              <label
                class="MuiFormLabel-root MuiInputLabel-root MuiInputLabel-formControl MuiInputLabel-animated MuiInputLabel-outlined MuiFormLabel-colorPrimary MuiInputLabel-root MuiInputLabel-formControl MuiInputLabel-animated MuiInputLabel-outlined css-bux1o3-MuiFormLabel-root-MuiInputLabel-root"
                data-shrink="false"
                for="_r_k_"
                id="_r_k_-label"
              >
                Società
              </label>
              <div
                class="MuiInputBase-root MuiOutlinedInput-root MuiInputBase-colorPrimary MuiInputBase-fullWidth MuiInputBase-formControl css-1jbefv5-MuiInputBase-root-MuiOutlinedInput-root"
              >
                <input
                  aria-invalid="false"
                  class="MuiInputBase-input MuiOutlinedInput-input css-j3jqhj-MuiInputBase-input-MuiOutlinedInput-input"
                  id="_r_k_"
                  type="text"
                  value=""
                />
                <fieldset
                  aria-hidden="true"
                  class="MuiOutlinedInput-notchedOutline css-vy4cj6-MuiNotchedOutlined-root-MuiOutlinedInput-notchedOutline"
                >
                  <legend
                    class="css-1n64csd-MuiNotchedOutlined-root"
                  >
                    <span>
                      Società
                    </span>
                  </legend>
                </fieldset>
              </div>
            </div>
          </div>
          <div
            class="MuiGrid-root MuiGrid-direction-xs-row MuiGrid-grid-xs-12 css-yqiqnf-MuiGrid-root"
          >
            <button
              class="MuiButtonBase-root MuiButton-root MuiButton-outlined MuiButton-outlinedPrimary MuiButton-sizeMedium MuiButton-outlinedSizeMedium MuiButton-colorPrimary MuiButton-fullWidth css-g6vz7h-MuiButtonBase-root-MuiButton-root"
              tabindex="0"
              type="button"
            >
              <span
                class="MuiButton-icon MuiButton-startIcon MuiButton-iconSizeMedium css-1v1j2p3-MuiButton-startIcon"
              >
                <svg
                  aria-hidden="true"
                  class="MuiSvgIcon-root MuiSvgIcon-fontSizeMedium css-1umw9bq-MuiSvgIcon-root"
                  data-testid="BorderColorIcon"
                  focusable="false"
                  viewBox="0 0 24 24"
                >
                  <path
                    d="M22 24H2v-4h20zM13.06 5.19l3.75 3.75L7.75 18H4v-3.75zm4.82 2.68-3.75-3.75 1.83-1.83c.39-.39 1.02-.39 1.41 0l2.34 2.34c.39.39.39 1.02 0 1.41z"
                  />
                </svg>
              </span>
              Aggiungi Firma Cliente
            </button>
          </div>
        </div>
      </div>
      <div
        class="MuiBox-root css-hwdqgu"
        id="action-buttons"
      >
        <button
          class="MuiButtonBase-root MuiButton-root MuiButton-outlined MuiButton-outlinedPrimary MuiButton-sizeMedium MuiButton-outlinedSizeMedium MuiButton-colorPrimary css-1fsvfyl-MuiButtonBase-root-MuiButton-root"
          tabindex="0"
          type="button"
        >
          Chiudi
        </button>
        <div
          class="MuiBox-root css-10egq61"
        >
          <button
            class="MuiButtonBase-root MuiButton-root MuiButton-contained MuiButton-containedPrimary MuiButton-sizeMedium MuiButton-containedSizeMedium MuiButton-colorPrimary css-bbccs-MuiButtonBase-root-MuiButton-root"
            tabindex="0"
            type="button"
          >
            Salva
          </button>
          <button
            class="MuiButtonBase-root MuiButton-root MuiButton-contained MuiButton-containedSecondary MuiButton-sizeMedium MuiButton-containedSizeMedium MuiButton-colorSecondary css-d7gof7-MuiButtonBase-root-MuiButton-root"
            tabindex="0"
            type="button"
          >
            <span
              class="MuiButton-icon MuiButton-startIcon MuiButton-iconSizeMedium css-1v1j2p3-MuiButton-startIcon"
            >
              <svg
                aria-hidden="true"
                class="MuiSvgIcon-root MuiSvgIcon-fontSizeMedium css-1umw9bq-MuiSvgIcon-root"
                data-testid="ShareIcon"
                focusable="false"
                viewBox="0 0 24 24"
              >
                <path
                  d="M18 16.08c-.76 0-1.44.3-1.96.77L8.91 12.7c.05-.23.09-.46.09-.7s-.04-.47-.09-.7l7.05-4.11c.54.5 1.25.81 2.04.81 1.66 0 3-1.34 3-3s-1.34-3-3-3-3 1.34-3 3c0 .24.04.47.09.7L8.04 9.81C7.5 9.31 6.79 9 6 9c-1.66 0-3 1.34-3 3s1.34 3 3 3c.79 0 1.5-.31 2.04-.81l7.12 4.16c-.05.21-.08.43-.08.65 0 1.61 1.31 2.92 2.92 2.92s2.92-1.31 2.92-2.92-1.31-2.92-2.92-2.92"
                />
              </svg>
            </span>
            Salva e Condividi
          </button>
        </div>
      </div>
    </div>
  </div>
</div>
`;
